Looking in indexes: https://pypi.org/simple, https://www.piwheels.org/simple
Collecting l2s1-sdk==0.1.3
  Downloading l2s1_sdk-0.1.3-py3-none-any.whl.metadata (9.0 kB)
Collecting httpx<1,>=0.27 (from l2s1-sdk==0.1.3)
  Downloading https://www.piwheels.org/simple/httpx/httpx-0.28.1-py3-none-any.whl.metadata (7.1 kB)
Collecting pydantic<3,>=2.12 (from l2s1-sdk==0.1.3)
  Downloading https://www.piwheels.org/simple/pydantic/pydantic-2.13.5-py3-none-any.whl.metadata (110 kB)
Collecting anyio (from httpx<1,>=0.27->l2s1-sdk==0.1.3)
  Downloading https://www.piwheels.org/simple/anyio/anyio-4.15.1-py3-none-any.whl.metadata (4.7 kB)
Collecting certifi (from httpx<1,>=0.27->l2s1-sdk==0.1.3)
  Downloading https://www.piwheels.org/simple/certifi/certifi-2026.7.22-py3-none-any.whl.metadata (2.5 kB)
Collecting httpcore==1.* (from httpx<1,>=0.27->l2s1-sdk==0.1.3)
  Downloading https://www.piwheels.org/simple/httpcore/httpcore-1.0.9-py3-none-any.whl.metadata (21 kB)
Collecting idna (from httpx<1,>=0.27->l2s1-sdk==0.1.3)
  Downloading https://www.piwheels.org/simple/idna/idna-3.20-py3-none-any.whl.metadata (7.2 kB)
Collecting h11>=0.16 (from httpcore==1.*->httpx<1,>=0.27->l2s1-sdk==0.1.3)
  Downloading https://www.piwheels.org/simple/h11/h11-0.16.0-py3-none-any.whl.metadata (8.3 kB)
Collecting annotated-types>=0.6.0 (from pydantic<3,>=2.12->l2s1-sdk==0.1.3)
  Downloading https://www.piwheels.org/simple/annotated-types/annotated_types-0.8.0-py3-none-any.whl.metadata (15 kB)
Collecting pydantic-core==2.46.5 (from pydantic<3,>=2.12->l2s1-sdk==0.1.3)
  Downloading pydantic_core-2.46.5-cp313-cp313-manylinux_2_17_aarch64.manylinux2014_aarch64.whl.metadata (6.6 kB)
Collecting typing-extensions>=4.14.1 (from pydantic<3,>=2.12->l2s1-sdk==0.1.3)
  Downloading https://www.piwheels.org/simple/typing-extensions/typing_extensions-4.16.0-py3-none-any.whl.metadata (3.3 kB)
Collecting typing-inspection>=0.4.2 (from pydantic<3,>=2.12->l2s1-sdk==0.1.3)
  Downloading https://www.piwheels.org/simple/typing-inspection/typing_inspection-0.4.4-py3-none-any.whl.metadata (2.6 kB)
Downloading l2s1_sdk-0.1.3-py3-none-any.whl (19 kB)
Downloading https://www.piwheels.org/simple/httpx/httpx-0.28.1-py3-none-any.whl (73 kB)
Downloading https://www.piwheels.org/simple/httpcore/httpcore-1.0.9-py3-none-any.whl (78 kB)
Downloading https://www.piwheels.org/simple/pydantic/pydantic-2.13.5-py3-none-any.whl (472 kB)
Downloading pydantic_core-2.46.5-cp313-cp313-manylinux_2_17_aarch64.manylinux2014_aarch64.whl (2.0 MB)
   ━━━━━━━━━━━━━━━━━━━━━━━━━━━━━━━━━━━━━━━━ 2.0/2.0 MB 7.9 MB/s eta 0:00:00
Downloading https://www.piwheels.org/simple/annotated-types/annotated_types-0.8.0-py3-none-any.whl (13 kB)
Downloading https://www.piwheels.org/simple/h11/h11-0.16.0-py3-none-any.whl (37 kB)
Downloading https://www.piwheels.org/simple/typing-extensions/typing_extensions-4.16.0-py3-none-any.whl (45 kB)
Downloading https://www.piwheels.org/simple/typing-inspection/typing_inspection-0.4.4-py3-none-any.whl (14 kB)
Downloading https://www.piwheels.org/simple/anyio/anyio-4.15.1-py3-none-any.whl (132 kB)
Downloading https://www.piwheels.org/simple/idna/idna-3.20-py3-none-any.whl (69 kB)
Downloading https://www.piwheels.org/simple/certifi/certifi-2026.7.22-py3-none-any.whl (136 kB)
Installing collected packages: typing-extensions, idna, h11, certifi, annotated-types, typing-inspection, pydantic-core, httpcore, anyio, pydantic, httpx, l2s1-sdk

Successfully installed annotated-types-0.8.0 anyio-4.15.1 certifi-2026.7.22 h11-0.16.0 httpcore-1.0.9 httpx-0.28.1 idna-3.20 l2s1-sdk-0.1.3 pydantic-2.13.5 pydantic-core-2.46.5 typing-extensions-4.16.0 typing-inspection-0.4.4
