performance-0-after-fresh warmup warehouse-01 4656 reuse 0 restore {'fallback_reason': None, 'prefill_ms': 0.0, 'restore_ms': 0.0, 'restores': 0, 'save_ms': 0.0, 'snapshot_bytes': 0, 'suffix_ms': 0.0}
performance-0-after-fresh warmup warehouse-01-long-state 14453 reuse 0 restore {'fallback_reason': None, 'prefill_ms': 0.0, 'restore_ms': 0.0, 'restores': 0, 'save_ms': 0.0, 'snapshot_bytes': 0, 'suffix_ms': 0.0}
performance-0-after-fresh measured warehouse-01 4488 reuse 0 restore {'fallback_reason': None, 'prefill_ms': 0.0, 'restore_ms': 0.0, 'restores': 0, 'save_ms': 0.0, 'snapshot_bytes': 0, 'suffix_ms': 0.0}
performance-0-after-fresh measured warehouse-02 4795 reuse 0 restore {'fallback_reason': None, 'prefill_ms': 0.0, 'restore_ms': 0.0, 'restores': 0, 'save_ms': 0.0, 'snapshot_bytes': 0, 'suffix_ms': 0.0}
performance-0-after-fresh measured warehouse-03 4473 reuse 0 restore {'fallback_reason': None, 'prefill_ms': 0.0, 'restore_ms': 0.0, 'restores': 0, 'save_ms': 0.0, 'snapshot_bytes': 0, 'suffix_ms': 0.0}
performance-0-after-fresh measured warehouse-01-long-state 14207 reuse 0 restore {'fallback_reason': None, 'prefill_ms': 0.0, 'restore_ms': 0.0, 'restores': 0, 'save_ms': 0.0, 'snapshot_bytes': 0, 'suffix_ms': 0.0}
performance-0-after-fresh measured warehouse-01-zero-budget 14521 reuse 0 restore {'fallback_reason': None, 'prefill_ms': 0.0, 'restore_ms': 0.0, 'restores': 0, 'save_ms': 0.0, 'snapshot_bytes': 0, 'suffix_ms': 0.0}
performance-0-after-prefix_reuse warmup warehouse-01 4452 reuse 0 restore {'fallback_reason': None, 'prefill_ms': 0.0, 'restore_ms': 0.0, 'restores': 0, 'save_ms': 0.0, 'snapshot_bytes': 0, 'suffix_ms': 0.0}
performance-0-after-prefix_reuse warmup warehouse-01-long-state 9127 reuse 512 restore {'fallback_reason': None, 'prefill_ms': 0.0, 'restore_ms': 0.0, 'restores': 0, 'save_ms': 0.0, 'snapshot_bytes': 0, 'suffix_ms': 0.0}
performance-0-after-prefix_reuse measured warehouse-01 4478 reuse 0 restore {'fallback_reason': None, 'prefill_ms': 0.0, 'restore_ms': 0.0, 'restores': 0, 'save_ms': 0.0, 'snapshot_bytes': 0, 'suffix_ms': 0.0}
performance-0-after-prefix_reuse measured warehouse-02 4793 reuse 0 restore {'fallback_reason': None, 'prefill_ms': 0.0, 'restore_ms': 0.0, 'restores': 0, 'save_ms': 0.0, 'snapshot_bytes': 0, 'suffix_ms': 0.0}
performance-0-after-prefix_reuse measured warehouse-03 4496 reuse 0 restore {'fallback_reason': None, 'prefill_ms': 0.0, 'restore_ms': 0.0, 'restores': 0, 'save_ms': 0.0, 'snapshot_bytes': 0, 'suffix_ms': 0.0}
performance-0-after-prefix_reuse measured warehouse-01-long-state 8970 reuse 512 restore {'fallback_reason': None, 'prefill_ms': 0.0, 'restore_ms': 0.0, 'restores': 0, 'save_ms': 0.0, 'snapshot_bytes': 0, 'suffix_ms': 0.0}
performance-0-after-prefix_reuse measured warehouse-01-zero-budget 8976 reuse 512 restore {'fallback_reason': None, 'prefill_ms': 0.0, 'restore_ms': 0.0, 'restores': 0, 'save_ms': 0.0, 'snapshot_bytes': 0, 'suffix_ms': 0.0}
performance-0-after-state_restore warmup warehouse-01 4597 reuse 0 restore {'fallback_reason': 'no_aligned_common_prefix', 'prefill_ms': 0.0, 'restore_ms': 0.0, 'restores': 0, 'save_ms': 0.0, 'snapshot_bytes': 0, 'suffix_ms': 4571.262428}
performance-0-after-state_restore warmup warehouse-01-long-state 9150 reuse 512 restore {'fallback_reason': None, 'prefill_ms': 2726.863052, 'restore_ms': 4.870485, 'restores': 2, 'save_ms': 4.55408, 'snapshot_bytes': 6822552, 'suffix_ms': 6366.880336}
performance-0-after-state_restore measured warehouse-01 4413 reuse 0 restore {'fallback_reason': 'no_aligned_common_prefix', 'prefill_ms': 0.0, 'restore_ms': 0.0, 'restores': 0, 'save_ms': 0.0, 'snapshot_bytes': 0, 'suffix_ms': 4384.45612}
performance-0-after-state_restore measured warehouse-02 4838 reuse 0 restore {'fallback_reason': 'no_aligned_common_prefix', 'prefill_ms': 0.0, 'restore_ms': 0.0, 'restores': 0, 'save_ms': 0.0, 'snapshot_bytes': 0, 'suffix_ms': 4810.5962469999995}
performance-0-after-state_restore measured warehouse-03 4490 reuse 0 restore {'fallback_reason': 'no_aligned_common_prefix', 'prefill_ms': 0.0, 'restore_ms': 0.0, 'restores': 0, 'save_ms': 0.0, 'snapshot_bytes': 0, 'suffix_ms': 4453.367838}
performance-0-after-state_restore measured warehouse-01-long-state 9059 reuse 512 restore {'fallback_reason': None, 'prefill_ms': 2704.215906, 'restore_ms': 5.822372, 'restores': 2, 'save_ms': 3.594471, 'snapshot_bytes': 6822552, 'suffix_ms': 6291.819493}
performance-0-after-state_restore measured warehouse-01-zero-budget 14532 reuse 0 restore {'fallback_reason': 'snapshot_memory_budget', 'prefill_ms': 0.0, 'restore_ms': 0.0, 'restores': 0, 'save_ms': 0.0, 'snapshot_bytes': 0, 'suffix_ms': 14472.766251000001}
performance-0-before-state_restore warmup warehouse-01 4664 reuse 0 restore {'fallback_reason': 'no_aligned_common_prefix', 'prefill_ms': 0.0, 'restore_ms': 0.0, 'restores': 0, 'save_ms': 0.0, 'snapshot_bytes': 0, 'suffix_ms': 4637.190348}
performance-0-before-state_restore warmup warehouse-01-long-state 8994 reuse 512 restore {'fallback_reason': None, 'prefill_ms': 2661.909408, 'restore_ms': 20.651936, 'restores': 2, 'save_ms': 3.261934, 'snapshot_bytes': 6822552, 'suffix_ms': 6248.824745}
performance-0-before-state_restore measured warehouse-01 4463 reuse 0 restore {'fallback_reason': 'no_aligned_common_prefix', 'prefill_ms': 0.0, 'restore_ms': 0.0, 'restores': 0, 'save_ms': 0.0, 'snapshot_bytes': 0, 'suffix_ms': 4407.898511}
performance-0-before-state_restore measured warehouse-02 4966 reuse 0 restore {'fallback_reason': 'no_aligned_common_prefix', 'prefill_ms': 0.0, 'restore_ms': 0.0, 'restores': 0, 'save_ms': 0.0, 'snapshot_bytes': 0, 'suffix_ms': 4919.162646}
performance-0-before-state_restore measured warehouse-03 4456 reuse 0 restore {'fallback_reason': 'no_aligned_common_prefix', 'prefill_ms': 0.0, 'restore_ms': 0.0, 'restores': 0, 'save_ms': 0.0, 'snapshot_bytes': 0, 'suffix_ms': 4429.3780799999995}
performance-0-before-state_restore measured warehouse-01-long-state 9198 reuse 512 restore {'fallback_reason': None, 'prefill_ms': 2745.474613, 'restore_ms': 18.811273999999997, 'restores': 2, 'save_ms': 4.446116, 'snapshot_bytes': 6822552, 'suffix_ms': 6375.920661}
performance-0-before-state_restore measured warehouse-01-zero-budget 17217 reuse 0 restore {'fallback_reason': 'snapshot_memory_budget', 'prefill_ms': 2621.59454, 'restore_ms': 0.0, 'restores': 0, 'save_ms': 0.0, 'snapshot_bytes': 0, 'suffix_ms': 14508.932072}
performance-1-after-prefix_reuse warmup warehouse-01 4569 reuse 0 restore {'fallback_reason': None, 'prefill_ms': 0.0, 'restore_ms': 0.0, 'restores': 0, 'save_ms': 0.0, 'snapshot_bytes': 0, 'suffix_ms': 0.0}
performance-1-after-prefix_reuse warmup warehouse-01-long-state 9086 reuse 512 restore {'fallback_reason': None, 'prefill_ms': 0.0, 'restore_ms': 0.0, 'restores': 0, 'save_ms': 0.0, 'snapshot_bytes': 0, 'suffix_ms': 0.0}
performance-1-after-prefix_reuse measured warehouse-01 4400 reuse 0 restore {'fallback_reason': None, 'prefill_ms': 0.0, 'restore_ms': 0.0, 'restores': 0, 'save_ms': 0.0, 'snapshot_bytes': 0, 'suffix_ms': 0.0}
performance-1-after-prefix_reuse measured warehouse-02 4858 reuse 0 restore {'fallback_reason': None, 'prefill_ms': 0.0, 'restore_ms': 0.0, 'restores': 0, 'save_ms': 0.0, 'snapshot_bytes': 0, 'suffix_ms': 0.0}
performance-1-after-prefix_reuse measured warehouse-03 4512 reuse 0 restore {'fallback_reason': None, 'prefill_ms': 0.0, 'restore_ms': 0.0, 'restores': 0, 'save_ms': 0.0, 'snapshot_bytes': 0, 'suffix_ms': 0.0}
performance-1-after-prefix_reuse measured warehouse-01-long-state 9043 reuse 512 restore {'fallback_reason': None, 'prefill_ms': 0.0, 'restore_ms': 0.0, 'restores': 0, 'save_ms': 0.0, 'snapshot_bytes': 0, 'suffix_ms': 0.0}
performance-1-after-prefix_reuse measured warehouse-01-zero-budget 9143 reuse 512 restore {'fallback_reason': None, 'prefill_ms': 0.0, 'restore_ms': 0.0, 'restores': 0, 'save_ms': 0.0, 'snapshot_bytes': 0, 'suffix_ms': 0.0}
performance-1-before-state_restore warmup warehouse-01 4702 reuse 0 restore {'fallback_reason': 'no_aligned_common_prefix', 'prefill_ms': 0.0, 'restore_ms': 0.0, 'restores': 0, 'save_ms': 0.0, 'snapshot_bytes': 0, 'suffix_ms': 4665.091806}
performance-1-before-state_restore warmup warehouse-01-long-state 9045 reuse 512 restore {'fallback_reason': None, 'prefill_ms': 2678.349767, 'restore_ms': 19.454064000000002, 'restores': 2, 'save_ms': 3.170786, 'snapshot_bytes': 6822552, 'suffix_ms': 6264.549153}
performance-1-before-state_restore measured warehouse-01 4607 reuse 0 restore {'fallback_reason': 'no_aligned_common_prefix', 'prefill_ms': 0.0, 'restore_ms': 0.0, 'restores': 0, 'save_ms': 0.0, 'snapshot_bytes': 0, 'suffix_ms': 4569.996143}
performance-1-before-state_restore measured warehouse-02 4787 reuse 0 restore {'fallback_reason': 'no_aligned_common_prefix', 'prefill_ms': 0.0, 'restore_ms': 0.0, 'restores': 0, 'save_ms': 0.0, 'snapshot_bytes': 0, 'suffix_ms': 4737.048484000001}
performance-1-before-state_restore measured warehouse-03 4493 reuse 0 restore {'fallback_reason': 'no_aligned_common_prefix', 'prefill_ms': 0.0, 'restore_ms': 0.0, 'restores': 0, 'save_ms': 0.0, 'snapshot_bytes': 0, 'suffix_ms': 4439.319085}
performance-1-before-state_restore measured warehouse-01-long-state 9191 reuse 512 restore {'fallback_reason': None, 'prefill_ms': 2747.304162, 'restore_ms': 22.781551999999998, 'restores': 2, 'save_ms': 3.200063, 'snapshot_bytes': 6822552, 'suffix_ms': 6337.646269}
performance-1-before-state_restore measured warehouse-01-zero-budget 17337 reuse 0 restore {'fallback_reason': 'snapshot_memory_budget', 'prefill_ms': 2723.0540039999996, 'restore_ms': 0.0, 'restores': 0, 'save_ms': 0.0, 'snapshot_bytes': 0, 'suffix_ms': 14571.477024}
performance-1-after-fresh warmup warehouse-01 4561 reuse 0 restore {'fallback_reason': None, 'prefill_ms': 0.0, 'restore_ms': 0.0, 'restores': 0, 'save_ms': 0.0, 'snapshot_bytes': 0, 'suffix_ms': 0.0}
performance-1-after-fresh warmup warehouse-01-long-state 14551 reuse 0 restore {'fallback_reason': None, 'prefill_ms': 0.0, 'restore_ms': 0.0, 'restores': 0, 'save_ms': 0.0, 'snapshot_bytes': 0, 'suffix_ms': 0.0}
performance-1-after-fresh measured warehouse-01 4412 reuse 0 restore {'fallback_reason': None, 'prefill_ms': 0.0, 'restore_ms': 0.0, 'restores': 0, 'save_ms': 0.0, 'snapshot_bytes': 0, 'suffix_ms': 0.0}
performance-1-after-fresh measured warehouse-02 4876 reuse 0 restore {'fallback_reason': None, 'prefill_ms': 0.0, 'restore_ms': 0.0, 'restores': 0, 'save_ms': 0.0, 'snapshot_bytes': 0, 'suffix_ms': 0.0}
performance-1-after-fresh measured warehouse-03 4443 reuse 0 restore {'fallback_reason': None, 'prefill_ms': 0.0, 'restore_ms': 0.0, 'restores': 0, 'save_ms': 0.0, 'snapshot_bytes': 0, 'suffix_ms': 0.0}
performance-1-after-fresh measured warehouse-01-long-state 14566 reuse 0 restore {'fallback_reason': None, 'prefill_ms': 0.0, 'restore_ms': 0.0, 'restores': 0, 'save_ms': 0.0, 'snapshot_bytes': 0, 'suffix_ms': 0.0}
performance-1-after-fresh measured warehouse-01-zero-budget 14532 reuse 0 restore {'fallback_reason': None, 'prefill_ms': 0.0, 'restore_ms': 0.0, 'restores': 0, 'save_ms': 0.0, 'snapshot_bytes': 0, 'suffix_ms': 0.0}
performance-1-after-state_restore warmup warehouse-01 4513 reuse 0 restore {'fallback_reason': 'no_aligned_common_prefix', 'prefill_ms': 0.0, 'restore_ms': 0.0, 'restores': 0, 'save_ms': 0.0, 'snapshot_bytes': 0, 'suffix_ms': 4487.208624}
performance-1-after-state_restore warmup warehouse-01-long-state 9001 reuse 512 restore {'fallback_reason': None, 'prefill_ms': 2731.415187, 'restore_ms': 6.386328000000001, 'restores': 2, 'save_ms': 3.246562, 'snapshot_bytes': 6822552, 'suffix_ms': 6216.997565}
performance-1-after-state_restore measured warehouse-01 4501 reuse 0 restore {'fallback_reason': 'no_aligned_common_prefix', 'prefill_ms': 0.0, 'restore_ms': 0.0, 'restores': 0, 'save_ms': 0.0, 'snapshot_bytes': 0, 'suffix_ms': 4457.564197}
performance-1-after-state_restore measured warehouse-02 4901 reuse 0 restore {'fallback_reason': 'no_aligned_common_prefix', 'prefill_ms': 0.0, 'restore_ms': 0.0, 'restores': 0, 'save_ms': 0.0, 'snapshot_bytes': 0, 'suffix_ms': 4874.193283}
performance-1-after-state_restore measured warehouse-03 4474 reuse 0 restore {'fallback_reason': 'no_aligned_common_prefix', 'prefill_ms': 0.0, 'restore_ms': 0.0, 'restores': 0, 'save_ms': 0.0, 'snapshot_bytes': 0, 'suffix_ms': 4447.837141}
performance-1-after-state_restore measured warehouse-01-long-state 9159 reuse 512 restore {'fallback_reason': None, 'prefill_ms': 2784.087619, 'restore_ms': 7.393898, 'restores': 2, 'save_ms': 3.559969, 'snapshot_bytes': 6822552, 'suffix_ms': 6310.518296}
performance-1-after-state_restore measured warehouse-01-zero-budget 14570 reuse 0 restore {'fallback_reason': 'snapshot_memory_budget', 'prefill_ms': 0.0, 'restore_ms': 0.0, 'restores': 0, 'save_ms': 0.0, 'snapshot_bytes': 0, 'suffix_ms': 14482.662946}
performance-2-before-state_restore warmup warehouse-01 4577 reuse 0 restore {'fallback_reason': 'no_aligned_common_prefix', 'prefill_ms': 0.0, 'restore_ms': 0.0, 'restores': 0, 'save_ms': 0.0, 'snapshot_bytes': 0, 'suffix_ms': 4540.30156}
performance-2-before-state_restore warmup warehouse-01-long-state 9238 reuse 512 restore {'fallback_reason': None, 'prefill_ms': 2726.105168, 'restore_ms': 17.300453, 'restores': 2, 'save_ms': 4.48589, 'snapshot_bytes': 6822552, 'suffix_ms': 6395.943080999999}
performance-2-before-state_restore measured warehouse-01 4415 reuse 0 restore {'fallback_reason': 'no_aligned_common_prefix', 'prefill_ms': 0.0, 'restore_ms': 0.0, 'restores': 0, 'save_ms': 0.0, 'snapshot_bytes': 0, 'suffix_ms': 4376.548935}
performance-2-before-state_restore measured warehouse-02 4932 reuse 0 restore {'fallback_reason': 'no_aligned_common_prefix', 'prefill_ms': 0.0, 'restore_ms': 0.0, 'restores': 0, 'save_ms': 0.0, 'snapshot_bytes': 0, 'suffix_ms': 4894.514261}
performance-2-before-state_restore measured warehouse-03 4484 reuse 0 restore {'fallback_reason': 'no_aligned_common_prefix', 'prefill_ms': 0.0, 'restore_ms': 0.0, 'restores': 0, 'save_ms': 0.0, 'snapshot_bytes': 0, 'suffix_ms': 4456.27338}
performance-2-before-state_restore measured warehouse-01-long-state 9121 reuse 512 restore {'fallback_reason': None, 'prefill_ms': 2724.7429819999998, 'restore_ms': 17.465692999999998, 'restores': 2, 'save_ms': 3.5213200000000002, 'snapshot_bytes': 6822552, 'suffix_ms': 6320.851158}
performance-2-before-state_restore measured warehouse-01-zero-budget 17427 reuse 0 restore {'fallback_reason': 'snapshot_memory_budget', 'prefill_ms': 2665.76691, 'restore_ms': 0.0, 'restores': 0, 'save_ms': 0.0, 'snapshot_bytes': 0, 'suffix_ms': 14677.123183}
performance-2-after-state_restore warmup warehouse-01 4461 reuse 0 restore {'fallback_reason': 'no_aligned_common_prefix', 'prefill_ms': 0.0, 'restore_ms': 0.0, 'restores': 0, 'save_ms': 0.0, 'snapshot_bytes': 0, 'suffix_ms': 4435.164176}
performance-2-after-state_restore warmup warehouse-01-long-state 8927 reuse 512 restore {'fallback_reason': None, 'prefill_ms': 2703.845815, 'restore_ms': 5.462386, 'restores': 2, 'save_ms': 3.3350799999999996, 'snapshot_bytes': 6822552, 'suffix_ms': 6171.996431}
performance-2-after-state_restore measured warehouse-01 4410 reuse 0 restore {'fallback_reason': 'no_aligned_common_prefix', 'prefill_ms': 0.0, 'restore_ms': 0.0, 'restores': 0, 'save_ms': 0.0, 'snapshot_bytes': 0, 'suffix_ms': 4383.471201}
performance-2-after-state_restore measured warehouse-02 4819 reuse 0 restore {'fallback_reason': 'no_aligned_common_prefix', 'prefill_ms': 0.0, 'restore_ms': 0.0, 'restores': 0, 'save_ms': 0.0, 'snapshot_bytes': 0, 'suffix_ms': 4781.904876}
performance-2-after-state_restore measured warehouse-03 4409 reuse 0 restore {'fallback_reason': 'no_aligned_common_prefix', 'prefill_ms': 0.0, 'restore_ms': 0.0, 'restores': 0, 'save_ms': 0.0, 'snapshot_bytes': 0, 'suffix_ms': 4353.965373}
performance-2-after-state_restore measured warehouse-01-long-state 8706 reuse 512 restore {'fallback_reason': None, 'prefill_ms': 2555.416145, 'restore_ms': 5.437034000000001, 'restores': 2, 'save_ms': 3.231377, 'snapshot_bytes': 6822552, 'suffix_ms': 6057.638005999999}
performance-2-after-state_restore measured warehouse-01-zero-budget 14235 reuse 0 restore {'fallback_reason': 'snapshot_memory_budget', 'prefill_ms': 0.0, 'restore_ms': 0.0, 'restores': 0, 'save_ms': 0.0, 'snapshot_bytes': 0, 'suffix_ms': 14153.211869}
performance-2-after-prefix_reuse warmup warehouse-01 4582 reuse 0 restore {'fallback_reason': None, 'prefill_ms': 0.0, 'restore_ms': 0.0, 'restores': 0, 'save_ms': 0.0, 'snapshot_bytes': 0, 'suffix_ms': 0.0}
performance-2-after-prefix_reuse warmup warehouse-01-long-state 8946 reuse 512 restore {'fallback_reason': None, 'prefill_ms': 0.0, 'restore_ms': 0.0, 'restores': 0, 'save_ms': 0.0, 'snapshot_bytes': 0, 'suffix_ms': 0.0}
performance-2-after-prefix_reuse measured warehouse-01 4350 reuse 0 restore {'fallback_reason': None, 'prefill_ms': 0.0, 'restore_ms': 0.0, 'restores': 0, 'save_ms': 0.0, 'snapshot_bytes': 0, 'suffix_ms': 0.0}
performance-2-after-prefix_reuse measured warehouse-02 4893 reuse 0 restore {'fallback_reason': None, 'prefill_ms': 0.0, 'restore_ms': 0.0, 'restores': 0, 'save_ms': 0.0, 'snapshot_bytes': 0, 'suffix_ms': 0.0}
performance-2-after-prefix_reuse measured warehouse-03 4386 reuse 0 restore {'fallback_reason': None, 'prefill_ms': 0.0, 'restore_ms': 0.0, 'restores': 0, 'save_ms': 0.0, 'snapshot_bytes': 0, 'suffix_ms': 0.0}
performance-2-after-prefix_reuse measured warehouse-01-long-state 8929 reuse 512 restore {'fallback_reason': None, 'prefill_ms': 0.0, 'restore_ms': 0.0, 'restores': 0, 'save_ms': 0.0, 'snapshot_bytes': 0, 'suffix_ms': 0.0}
performance-2-after-prefix_reuse measured warehouse-01-zero-budget 8967 reuse 512 restore {'fallback_reason': None, 'prefill_ms': 0.0, 'restore_ms': 0.0, 'restores': 0, 'save_ms': 0.0, 'snapshot_bytes': 0, 'suffix_ms': 0.0}
performance-2-after-fresh warmup warehouse-01 4598 reuse 0 restore {'fallback_reason': None, 'prefill_ms': 0.0, 'restore_ms': 0.0, 'restores': 0, 'save_ms': 0.0, 'snapshot_bytes': 0, 'suffix_ms': 0.0}
performance-2-after-fresh warmup warehouse-01-long-state 14477 reuse 0 restore {'fallback_reason': None, 'prefill_ms': 0.0, 'restore_ms': 0.0, 'restores': 0, 'save_ms': 0.0, 'snapshot_bytes': 0, 'suffix_ms': 0.0}
performance-2-after-fresh measured warehouse-01 4392 reuse 0 restore {'fallback_reason': None, 'prefill_ms': 0.0, 'restore_ms': 0.0, 'restores': 0, 'save_ms': 0.0, 'snapshot_bytes': 0, 'suffix_ms': 0.0}
performance-2-after-fresh measured warehouse-02 4939 reuse 0 restore {'fallback_reason': None, 'prefill_ms': 0.0, 'restore_ms': 0.0, 'restores': 0, 'save_ms': 0.0, 'snapshot_bytes': 0, 'suffix_ms': 0.0}
performance-2-after-fresh measured warehouse-03 4394 reuse 0 restore {'fallback_reason': None, 'prefill_ms': 0.0, 'restore_ms': 0.0, 'restores': 0, 'save_ms': 0.0, 'snapshot_bytes': 0, 'suffix_ms': 0.0}
performance-2-after-fresh measured warehouse-01-long-state 14604 reuse 0 restore {'fallback_reason': None, 'prefill_ms': 0.0, 'restore_ms': 0.0, 'restores': 0, 'save_ms': 0.0, 'snapshot_bytes': 0, 'suffix_ms': 0.0}
performance-2-after-fresh measured warehouse-01-zero-budget 14611 reuse 0 restore {'fallback_reason': None, 'prefill_ms': 0.0, 'restore_ms': 0.0, 'restores': 0, 'save_ms': 0.0, 'snapshot_bytes': 0, 'suffix_ms': 0.0}
performance-3-after-state_restore warmup warehouse-01 4438 reuse 0 restore {'fallback_reason': 'no_aligned_common_prefix', 'prefill_ms': 0.0, 'restore_ms': 0.0, 'restores': 0, 'save_ms': 0.0, 'snapshot_bytes': 0, 'suffix_ms': 4400.976199}
performance-3-after-state_restore warmup warehouse-01-long-state 9104 reuse 512 restore {'fallback_reason': None, 'prefill_ms': 2719.951257, 'restore_ms': 6.255603000000001, 'restores': 2, 'save_ms': 4.442223, 'snapshot_bytes': 6822552, 'suffix_ms': 6280.149583}
performance-3-after-state_restore measured warehouse-01 4295 reuse 0 restore {'fallback_reason': 'no_aligned_common_prefix', 'prefill_ms': 0.0, 'restore_ms': 0.0, 'restores': 0, 'save_ms': 0.0, 'snapshot_bytes': 0, 'suffix_ms': 4250.374005}
performance-3-after-state_restore measured warehouse-02 4893 reuse 0 restore {'fallback_reason': 'no_aligned_common_prefix', 'prefill_ms': 0.0, 'restore_ms': 0.0, 'restores': 0, 'save_ms': 0.0, 'snapshot_bytes': 0, 'suffix_ms': 4865.760999}
performance-3-after-state_restore measured warehouse-03 4406 reuse 0 restore {'fallback_reason': 'no_aligned_common_prefix', 'prefill_ms': 0.0, 'restore_ms': 0.0, 'restores': 0, 'save_ms': 0.0, 'snapshot_bytes': 0, 'suffix_ms': 4368.841775}
performance-3-after-state_restore measured warehouse-01-long-state 9048 reuse 512 restore {'fallback_reason': None, 'prefill_ms': 2695.5648, 'restore_ms': 5.684031, 'restores': 2, 'save_ms': 3.2382090000000003, 'snapshot_bytes': 6822552, 'suffix_ms': 6279.624895}
performance-3-after-state_restore measured warehouse-01-zero-budget 14561 reuse 0 restore {'fallback_reason': 'snapshot_memory_budget', 'prefill_ms': 0.0, 'restore_ms': 0.0, 'restores': 0, 'save_ms': 0.0, 'snapshot_bytes': 0, 'suffix_ms': 14503.346353999998}
performance-3-after-fresh warmup warehouse-01 4544 reuse 0 restore {'fallback_reason': None, 'prefill_ms': 0.0, 'restore_ms': 0.0, 'restores': 0, 'save_ms': 0.0, 'snapshot_bytes': 0, 'suffix_ms': 0.0}
performance-3-after-fresh warmup warehouse-01-long-state 14390 reuse 0 restore {'fallback_reason': None, 'prefill_ms': 0.0, 'restore_ms': 0.0, 'restores': 0, 'save_ms': 0.0, 'snapshot_bytes': 0, 'suffix_ms': 0.0}
performance-3-after-fresh measured warehouse-01 4383 reuse 0 restore {'fallback_reason': None, 'prefill_ms': 0.0, 'restore_ms': 0.0, 'restores': 0, 'save_ms': 0.0, 'snapshot_bytes': 0, 'suffix_ms': 0.0}
performance-3-after-fresh measured warehouse-02 4831 reuse 0 restore {'fallback_reason': None, 'prefill_ms': 0.0, 'restore_ms': 0.0, 'restores': 0, 'save_ms': 0.0, 'snapshot_bytes': 0, 'suffix_ms': 0.0}
performance-3-after-fresh measured warehouse-03 4416 reuse 0 restore {'fallback_reason': None, 'prefill_ms': 0.0, 'restore_ms': 0.0, 'restores': 0, 'save_ms': 0.0, 'snapshot_bytes': 0, 'suffix_ms': 0.0}
performance-3-after-fresh measured warehouse-01-long-state 14263 reuse 0 restore {'fallback_reason': None, 'prefill_ms': 0.0, 'restore_ms': 0.0, 'restores': 0, 'save_ms': 0.0, 'snapshot_bytes': 0, 'suffix_ms': 0.0}
performance-3-after-fresh measured warehouse-01-zero-budget 14353 reuse 0 restore {'fallback_reason': None, 'prefill_ms': 0.0, 'restore_ms': 0.0, 'restores': 0, 'save_ms': 0.0, 'snapshot_bytes': 0, 'suffix_ms': 0.0}
performance-3-before-state_restore warmup warehouse-01 4684 reuse 0 restore {'fallback_reason': 'no_aligned_common_prefix', 'prefill_ms': 0.0, 'restore_ms': 0.0, 'restores': 0, 'save_ms': 0.0, 'snapshot_bytes': 0, 'suffix_ms': 4647.756769}
performance-3-before-state_restore warmup warehouse-01-long-state 9183 reuse 512 restore {'fallback_reason': None, 'prefill_ms': 2737.60207, 'restore_ms': 17.509925, 'restores': 2, 'save_ms': 3.259578, 'snapshot_bytes': 6822552, 'suffix_ms': 6380.9266529999995}
performance-3-before-state_restore measured warehouse-01 4417 reuse 0 restore {'fallback_reason': 'no_aligned_common_prefix', 'prefill_ms': 0.0, 'restore_ms': 0.0, 'restores': 0, 'save_ms': 0.0, 'snapshot_bytes': 0, 'suffix_ms': 4380.936149}
performance-3-before-state_restore measured warehouse-02 4936 reuse 0 restore {'fallback_reason': 'no_aligned_common_prefix', 'prefill_ms': 0.0, 'restore_ms': 0.0, 'restores': 0, 'save_ms': 0.0, 'snapshot_bytes': 0, 'suffix_ms': 4908.644784}
performance-3-before-state_restore measured warehouse-03 4481 reuse 0 restore {'fallback_reason': 'no_aligned_common_prefix', 'prefill_ms': 0.0, 'restore_ms': 0.0, 'restores': 0, 'save_ms': 0.0, 'snapshot_bytes': 0, 'suffix_ms': 4455.082732}
performance-3-before-state_restore measured warehouse-01-long-state 9178 reuse 512 restore {'fallback_reason': None, 'prefill_ms': 2661.781125, 'restore_ms': 17.450038, 'restores': 2, 'save_ms': 4.135759999999999, 'snapshot_bytes': 6822552, 'suffix_ms': 6440.798736999999}
performance-3-before-state_restore measured warehouse-01-zero-budget 17440 reuse 0 restore {'fallback_reason': 'snapshot_memory_budget', 'prefill_ms': 2742.896965, 'restore_ms': 0.0, 'restores': 0, 'save_ms': 0.0, 'snapshot_bytes': 0, 'suffix_ms': 14635.846517999998}
performance-3-after-prefix_reuse warmup warehouse-01 4621 reuse 0 restore {'fallback_reason': None, 'prefill_ms': 0.0, 'restore_ms': 0.0, 'restores': 0, 'save_ms': 0.0, 'snapshot_bytes': 0, 'suffix_ms': 0.0}
performance-3-after-prefix_reuse warmup warehouse-01-long-state 8887 reuse 512 restore {'fallback_reason': None, 'prefill_ms': 0.0, 'restore_ms': 0.0, 'restores': 0, 'save_ms': 0.0, 'snapshot_bytes': 0, 'suffix_ms': 0.0}
performance-3-after-prefix_reuse measured warehouse-01 4432 reuse 0 restore {'fallback_reason': None, 'prefill_ms': 0.0, 'restore_ms': 0.0, 'restores': 0, 'save_ms': 0.0, 'snapshot_bytes': 0, 'suffix_ms': 0.0}
performance-3-after-prefix_reuse measured warehouse-02 4847 reuse 0 restore {'fallback_reason': None, 'prefill_ms': 0.0, 'restore_ms': 0.0, 'restores': 0, 'save_ms': 0.0, 'snapshot_bytes': 0, 'suffix_ms': 0.0}
performance-3-after-prefix_reuse measured warehouse-03 4612 reuse 0 restore {'fallback_reason': None, 'prefill_ms': 0.0, 'restore_ms': 0.0, 'restores': 0, 'save_ms': 0.0, 'snapshot_bytes': 0, 'suffix_ms': 0.0}
performance-3-after-prefix_reuse measured warehouse-01-long-state 8986 reuse 512 restore {'fallback_reason': None, 'prefill_ms': 0.0, 'restore_ms': 0.0, 'restores': 0, 'save_ms': 0.0, 'snapshot_bytes': 0, 'suffix_ms': 0.0}
performance-3-after-prefix_reuse measured warehouse-01-zero-budget 8953 reuse 512 restore {'fallback_reason': None, 'prefill_ms': 0.0, 'restore_ms': 0.0, 'restores': 0, 'save_ms': 0.0, 'snapshot_bytes': 0, 'suffix_ms': 0.0}
quality-after-fresh warmup warehouse-01 4629 reuse 0 restore {'fallback_reason': None, 'prefill_ms': 0.0, 'restore_ms': 0.0, 'restores': 0, 'save_ms': 0.0, 'snapshot_bytes': 0, 'suffix_ms': 0.0}
quality-after-fresh measured warehouse-01 4342 reuse 0 restore {'fallback_reason': None, 'prefill_ms': 0.0, 'restore_ms': 0.0, 'restores': 0, 'save_ms': 0.0, 'snapshot_bytes': 0, 'suffix_ms': 0.0}
quality-after-fresh measured warehouse-02 4953 reuse 0 restore {'fallback_reason': None, 'prefill_ms': 0.0, 'restore_ms': 0.0, 'restores': 0, 'save_ms': 0.0, 'snapshot_bytes': 0, 'suffix_ms': 0.0}
quality-after-fresh measured warehouse-03 4589 reuse 0 restore {'fallback_reason': None, 'prefill_ms': 0.0, 'restore_ms': 0.0, 'restores': 0, 'save_ms': 0.0, 'snapshot_bytes': 0, 'suffix_ms': 0.0}
quality-after-fresh measured warehouse-04 4810 reuse 0 restore {'fallback_reason': None, 'prefill_ms': 0.0, 'restore_ms': 0.0, 'restores': 0, 'save_ms': 0.0, 'snapshot_bytes': 0, 'suffix_ms': 0.0}
quality-after-fresh measured warehouse-05 4537 reuse 0 restore {'fallback_reason': None, 'prefill_ms': 0.0, 'restore_ms': 0.0, 'restores': 0, 'save_ms': 0.0, 'snapshot_bytes': 0, 'suffix_ms': 0.0}
quality-after-fresh measured warehouse-06 4716 reuse 0 restore {'fallback_reason': None, 'prefill_ms': 0.0, 'restore_ms': 0.0, 'restores': 0, 'save_ms': 0.0, 'snapshot_bytes': 0, 'suffix_ms': 0.0}
quality-after-fresh measured access-01 4369 reuse 0 restore {'fallback_reason': None, 'prefill_ms': 0.0, 'restore_ms': 0.0, 'restores': 0, 'save_ms': 0.0, 'snapshot_bytes': 0, 'suffix_ms': 0.0}
quality-after-fresh measured access-02 4681 reuse 0 restore {'fallback_reason': None, 'prefill_ms': 0.0, 'restore_ms': 0.0, 'restores': 0, 'save_ms': 0.0, 'snapshot_bytes': 0, 'suffix_ms': 0.0}
quality-after-fresh measured access-03 4282 reuse 0 restore {'fallback_reason': None, 'prefill_ms': 0.0, 'restore_ms': 0.0, 'restores': 0, 'save_ms': 0.0, 'snapshot_bytes': 0, 'suffix_ms': 0.0}
quality-after-fresh measured access-04 4753 reuse 0 restore {'fallback_reason': None, 'prefill_ms': 0.0, 'restore_ms': 0.0, 'restores': 0, 'save_ms': 0.0, 'snapshot_bytes': 0, 'suffix_ms': 0.0}
quality-after-fresh measured access-05 4238 reuse 0 restore {'fallback_reason': None, 'prefill_ms': 0.0, 'restore_ms': 0.0, 'restores': 0, 'save_ms': 0.0, 'snapshot_bytes': 0, 'suffix_ms': 0.0}
quality-after-fresh measured access-06 4830 reuse 0 restore {'fallback_reason': None, 'prefill_ms': 0.0, 'restore_ms': 0.0, 'restores': 0, 'save_ms': 0.0, 'snapshot_bytes': 0, 'suffix_ms': 0.0}
quality-after-prefix_reuse warmup warehouse-01 4449 reuse 0 restore {'fallback_reason': None, 'prefill_ms': 0.0, 'restore_ms': 0.0, 'restores': 0, 'save_ms': 0.0, 'snapshot_bytes': 0, 'suffix_ms': 0.0}
quality-after-prefix_reuse measured warehouse-01 4479 reuse 0 restore {'fallback_reason': None, 'prefill_ms': 0.0, 'restore_ms': 0.0, 'restores': 0, 'save_ms': 0.0, 'snapshot_bytes': 0, 'suffix_ms': 0.0}
quality-after-prefix_reuse measured warehouse-02 4925 reuse 0 restore {'fallback_reason': None, 'prefill_ms': 0.0, 'restore_ms': 0.0, 'restores': 0, 'save_ms': 0.0, 'snapshot_bytes': 0, 'suffix_ms': 0.0}
quality-after-prefix_reuse measured warehouse-03 4410 reuse 0 restore {'fallback_reason': None, 'prefill_ms': 0.0, 'restore_ms': 0.0, 'restores': 0, 'save_ms': 0.0, 'snapshot_bytes': 0, 'suffix_ms': 0.0}
quality-after-prefix_reuse measured warehouse-04 4805 reuse 0 restore {'fallback_reason': None, 'prefill_ms': 0.0, 'restore_ms': 0.0, 'restores': 0, 'save_ms': 0.0, 'snapshot_bytes': 0, 'suffix_ms': 0.0}
quality-after-prefix_reuse measured warehouse-05 4444 reuse 0 restore {'fallback_reason': None, 'prefill_ms': 0.0, 'restore_ms': 0.0, 'restores': 0, 'save_ms': 0.0, 'snapshot_bytes': 0, 'suffix_ms': 0.0}
quality-after-prefix_reuse measured warehouse-06 4862 reuse 0 restore {'fallback_reason': None, 'prefill_ms': 0.0, 'restore_ms': 0.0, 'restores': 0, 'save_ms': 0.0, 'snapshot_bytes': 0, 'suffix_ms': 0.0}
quality-after-prefix_reuse measured access-01 4248 reuse 0 restore {'fallback_reason': None, 'prefill_ms': 0.0, 'restore_ms': 0.0, 'restores': 0, 'save_ms': 0.0, 'snapshot_bytes': 0, 'suffix_ms': 0.0}
quality-after-prefix_reuse measured access-02 4709 reuse 0 restore {'fallback_reason': None, 'prefill_ms': 0.0, 'restore_ms': 0.0, 'restores': 0, 'save_ms': 0.0, 'snapshot_bytes': 0, 'suffix_ms': 0.0}
quality-after-prefix_reuse measured access-03 4363 reuse 0 restore {'fallback_reason': None, 'prefill_ms': 0.0, 'restore_ms': 0.0, 'restores': 0, 'save_ms': 0.0, 'snapshot_bytes': 0, 'suffix_ms': 0.0}
quality-after-prefix_reuse measured access-04 4726 reuse 0 restore {'fallback_reason': None, 'prefill_ms': 0.0, 'restore_ms': 0.0, 'restores': 0, 'save_ms': 0.0, 'snapshot_bytes': 0, 'suffix_ms': 0.0}
quality-after-prefix_reuse measured access-05 4212 reuse 0 restore {'fallback_reason': None, 'prefill_ms': 0.0, 'restore_ms': 0.0, 'restores': 0, 'save_ms': 0.0, 'snapshot_bytes': 0, 'suffix_ms': 0.0}
quality-after-prefix_reuse measured access-06 4870 reuse 0 restore {'fallback_reason': None, 'prefill_ms': 0.0, 'restore_ms': 0.0, 'restores': 0, 'save_ms': 0.0, 'snapshot_bytes': 0, 'suffix_ms': 0.0}
quality-before-state_restore warmup warehouse-01 4706 reuse 0 restore {'fallback_reason': 'no_aligned_common_prefix', 'prefill_ms': 0.0, 'restore_ms': 0.0, 'restores': 0, 'save_ms': 0.0, 'snapshot_bytes': 0, 'suffix_ms': 4679.7146250000005}
quality-before-state_restore measured warehouse-01 4456 reuse 0 restore {'fallback_reason': 'no_aligned_common_prefix', 'prefill_ms': 0.0, 'restore_ms': 0.0, 'restores': 0, 'save_ms': 0.0, 'snapshot_bytes': 0, 'suffix_ms': 4419.080704}
quality-before-state_restore measured warehouse-02 4924 reuse 0 restore {'fallback_reason': 'no_aligned_common_prefix', 'prefill_ms': 0.0, 'restore_ms': 0.0, 'restores': 0, 'save_ms': 0.0, 'snapshot_bytes': 0, 'suffix_ms': 4880.0622619999995}
quality-before-state_restore measured warehouse-03 4473 reuse 0 restore {'fallback_reason': 'no_aligned_common_prefix', 'prefill_ms': 0.0, 'restore_ms': 0.0, 'restores': 0, 'save_ms': 0.0, 'snapshot_bytes': 0, 'suffix_ms': 4436.162872}
quality-before-state_restore measured warehouse-04 4808 reuse 0 restore {'fallback_reason': 'no_aligned_common_prefix', 'prefill_ms': 0.0, 'restore_ms': 0.0, 'restores': 0, 'save_ms': 0.0, 'snapshot_bytes': 0, 'suffix_ms': 4771.358257}
quality-before-state_restore measured warehouse-05 4450 reuse 0 restore {'fallback_reason': 'no_aligned_common_prefix', 'prefill_ms': 0.0, 'restore_ms': 0.0, 'restores': 0, 'save_ms': 0.0, 'snapshot_bytes': 0, 'suffix_ms': 4414.071581}
quality-before-state_restore measured warehouse-06 4835 reuse 0 restore {'fallback_reason': 'no_aligned_common_prefix', 'prefill_ms': 0.0, 'restore_ms': 0.0, 'restores': 0, 'save_ms': 0.0, 'snapshot_bytes': 0, 'suffix_ms': 4797.370828}
quality-before-state_restore measured access-01 4240 reuse 0 restore {'fallback_reason': 'no_aligned_common_prefix', 'prefill_ms': 0.0, 'restore_ms': 0.0, 'restores': 0, 'save_ms': 0.0, 'snapshot_bytes': 0, 'suffix_ms': 4203.274975}
quality-before-state_restore measured access-02 4674 reuse 0 restore {'fallback_reason': 'no_aligned_common_prefix', 'prefill_ms': 0.0, 'restore_ms': 0.0, 'restores': 0, 'save_ms': 0.0, 'snapshot_bytes': 0, 'suffix_ms': 4628.2816490000005}
quality-before-state_restore measured access-03 4301 reuse 0 restore {'fallback_reason': 'no_aligned_common_prefix', 'prefill_ms': 0.0, 'restore_ms': 0.0, 'restores': 0, 'save_ms': 0.0, 'snapshot_bytes': 0, 'suffix_ms': 4275.338806}
quality-before-state_restore measured access-04 4805 reuse 0 restore {'fallback_reason': 'no_aligned_common_prefix', 'prefill_ms': 0.0, 'restore_ms': 0.0, 'restores': 0, 'save_ms': 0.0, 'snapshot_bytes': 0, 'suffix_ms': 4778.428896}
quality-before-state_restore measured access-05 4354 reuse 0 restore {'fallback_reason': 'no_aligned_common_prefix', 'prefill_ms': 0.0, 'restore_ms': 0.0, 'restores': 0, 'save_ms': 0.0, 'snapshot_bytes': 0, 'suffix_ms': 4328.575631}
quality-before-state_restore measured access-06 4743 reuse 0 restore {'fallback_reason': 'no_aligned_common_prefix', 'prefill_ms': 0.0, 'restore_ms': 0.0, 'restores': 0, 'save_ms': 0.0, 'snapshot_bytes': 0, 'suffix_ms': 4716.555669}
quality-after-state_restore warmup warehouse-01 4432 reuse 0 restore {'fallback_reason': 'no_aligned_common_prefix', 'prefill_ms': 0.0, 'restore_ms': 0.0, 'restores': 0, 'save_ms': 0.0, 'snapshot_bytes': 0, 'suffix_ms': 4406.338972}
quality-after-state_restore measured warehouse-01 4427 reuse 0 restore {'fallback_reason': 'no_aligned_common_prefix', 'prefill_ms': 0.0, 'restore_ms': 0.0, 'restores': 0, 'save_ms': 0.0, 'snapshot_bytes': 0, 'suffix_ms': 4400.495491}
quality-after-state_restore measured warehouse-02 4918 reuse 0 restore {'fallback_reason': 'no_aligned_common_prefix', 'prefill_ms': 0.0, 'restore_ms': 0.0, 'restores': 0, 'save_ms': 0.0, 'snapshot_bytes': 0, 'suffix_ms': 4882.973276}
quality-after-state_restore measured warehouse-03 4409 reuse 0 restore {'fallback_reason': 'no_aligned_common_prefix', 'prefill_ms': 0.0, 'restore_ms': 0.0, 'restores': 0, 'save_ms': 0.0, 'snapshot_bytes': 0, 'suffix_ms': 4382.409759}
quality-after-state_restore measured warehouse-04 4876 reuse 0 restore {'fallback_reason': 'no_aligned_common_prefix', 'prefill_ms': 0.0, 'restore_ms': 0.0, 'restores': 0, 'save_ms': 0.0, 'snapshot_bytes': 0, 'suffix_ms': 4838.035809}
quality-after-state_restore measured warehouse-05 4536 reuse 0 restore {'fallback_reason': 'no_aligned_common_prefix', 'prefill_ms': 0.0, 'restore_ms': 0.0, 'restores': 0, 'save_ms': 0.0, 'snapshot_bytes': 0, 'suffix_ms': 4488.895828}
quality-after-state_restore measured warehouse-06 4839 reuse 0 restore {'fallback_reason': 'no_aligned_common_prefix', 'prefill_ms': 0.0, 'restore_ms': 0.0, 'restores': 0, 'save_ms': 0.0, 'snapshot_bytes': 0, 'suffix_ms': 4802.144915}
quality-after-state_restore measured access-01 4179 reuse 0 restore {'fallback_reason': 'no_aligned_common_prefix', 'prefill_ms': 0.0, 'restore_ms': 0.0, 'restores': 0, 'save_ms': 0.0, 'snapshot_bytes': 0, 'suffix_ms': 4133.082112}
quality-after-state_restore measured access-02 4725 reuse 0 restore {'fallback_reason': 'no_aligned_common_prefix', 'prefill_ms': 0.0, 'restore_ms': 0.0, 'restores': 0, 'save_ms': 0.0, 'snapshot_bytes': 0, 'suffix_ms': 4669.53908}
quality-after-state_restore measured access-03 4250 reuse 0 restore {'fallback_reason': 'no_aligned_common_prefix', 'prefill_ms': 0.0, 'restore_ms': 0.0, 'restores': 0, 'save_ms': 0.0, 'snapshot_bytes': 0, 'suffix_ms': 4224.058195}
quality-after-state_restore measured access-04 4774 reuse 0 restore {'fallback_reason': 'no_aligned_common_prefix', 'prefill_ms': 0.0, 'restore_ms': 0.0, 'restores': 0, 'save_ms': 0.0, 'snapshot_bytes': 0, 'suffix_ms': 4740.721101}
quality-after-state_restore measured access-05 4330 reuse 0 restore {'fallback_reason': 'no_aligned_common_prefix', 'prefill_ms': 0.0, 'restore_ms': 0.0, 'restores': 0, 'save_ms': 0.0, 'snapshot_bytes': 0, 'suffix_ms': 4304.197548}
quality-after-state_restore measured access-06 4720 reuse 0 restore {'fallback_reason': 'no_aligned_common_prefix', 'prefill_ms': 0.0, 'restore_ms': 0.0, 'restores': 0, 'save_ms': 0.0, 'snapshot_bytes': 0, 'suffix_ms': 4673.99564}
session-0-False warmup warehouse-01 4723 reuse 0 restore {'fallback_reason': None, 'prefill_ms': 0.0, 'restore_ms': 0.0, 'restores': 0, 'save_ms': 0.0, 'snapshot_bytes': 0, 'suffix_ms': 0.0}
session-0-False measured warehouse-01 4382 reuse 0 restore {'fallback_reason': None, 'prefill_ms': 0.0, 'restore_ms': 0.0, 'restores': 0, 'save_ms': 0.0, 'snapshot_bytes': 0, 'suffix_ms': 0.0}
session-0-False measured warehouse-01-long-state 14404 reuse 0 restore {'fallback_reason': None, 'prefill_ms': 0.0, 'restore_ms': 0.0, 'restores': 0, 'save_ms': 0.0, 'snapshot_bytes': 0, 'suffix_ms': 0.0}
session-0-True warmup warehouse-01 4525 reuse 0 restore None
session-0-True measured warehouse-01 4488 reuse 0 restore None
session-0-True measured warehouse-01-long-state 8997 reuse 512 restore None
session-1-True warmup warehouse-01 4539 reuse 0 restore None
session-1-True measured warehouse-01 4431 reuse 0 restore None
session-1-True measured warehouse-01-long-state 8981 reuse 512 restore None
session-1-False warmup warehouse-01 4575 reuse 0 restore {'fallback_reason': None, 'prefill_ms': 0.0, 'restore_ms': 0.0, 'restores': 0, 'save_ms': 0.0, 'snapshot_bytes': 0, 'suffix_ms': 0.0}
session-1-False measured warehouse-01 4434 reuse 0 restore {'fallback_reason': None, 'prefill_ms': 0.0, 'restore_ms': 0.0, 'restores': 0, 'save_ms': 0.0, 'snapshot_bytes': 0, 'suffix_ms': 0.0}
session-1-False measured warehouse-01-long-state 14362 reuse 0 restore {'fallback_reason': None, 'prefill_ms': 0.0, 'restore_ms': 0.0, 'restores': 0, 'save_ms': 0.0, 'snapshot_bytes': 0, 'suffix_ms': 0.0}
session-2-False warmup warehouse-01 4540 reuse 0 restore {'fallback_reason': None, 'prefill_ms': 0.0, 'restore_ms': 0.0, 'restores': 0, 'save_ms': 0.0, 'snapshot_bytes': 0, 'suffix_ms': 0.0}
session-2-False measured warehouse-01 4341 reuse 0 restore {'fallback_reason': None, 'prefill_ms': 0.0, 'restore_ms': 0.0, 'restores': 0, 'save_ms': 0.0, 'snapshot_bytes': 0, 'suffix_ms': 0.0}
session-2-False measured warehouse-01-long-state 14588 reuse 0 restore {'fallback_reason': None, 'prefill_ms': 0.0, 'restore_ms': 0.0, 'restores': 0, 'save_ms': 0.0, 'snapshot_bytes': 0, 'suffix_ms': 0.0}
session-2-True warmup warehouse-01 4677 reuse 0 restore None
session-2-True measured warehouse-01 4463 reuse 0 restore None
session-2-True measured warehouse-01-long-state 9139 reuse 512 restore None
session-3-True warmup warehouse-01 4552 reuse 0 restore None
session-3-True measured warehouse-01 4487 reuse 0 restore None
session-3-True measured warehouse-01-long-state 8960 reuse 512 restore None
session-3-False warmup warehouse-01 4638 reuse 0 restore {'fallback_reason': None, 'prefill_ms': 0.0, 'restore_ms': 0.0, 'restores': 0, 'save_ms': 0.0, 'snapshot_bytes': 0, 'suffix_ms': 0.0}
session-3-False measured warehouse-01 4520 reuse 0 restore {'fallback_reason': None, 'prefill_ms': 0.0, 'restore_ms': 0.0, 'restores': 0, 'save_ms': 0.0, 'snapshot_bytes': 0, 'suffix_ms': 0.0}
session-3-False measured warehouse-01-long-state 14861 reuse 0 restore {'fallback_reason': None, 'prefill_ms': 0.0, 'restore_ms': 0.0, 'restores': 0, 'save_ms': 0.0, 'snapshot_bytes': 0, 'suffix_ms': 0.0}
