
added 1 package in 1s
Verified linux-arm64: 16 bundled files, l2s1 0.1.3

added 1 package in 1s
Verified linux-arm64: 21 bundled files, l2s1 0.1.3

added 1 package in 1s
Verified linux-arm64: 16 bundled files, l2s1 0.1.3

added 1 package in 1s
Verified linux-arm64: 21 bundled files, l2s1 0.1.3
factorial-0-baseline warmup warehouse-01 15926
factorial-0-baseline warmup warehouse-02 17752
factorial-0-baseline warmup warehouse-03 15751
factorial-0-baseline measured warehouse-01 15626
factorial-0-baseline measured warehouse-02 18051
factorial-0-baseline measured warehouse-03 15379
factorial-0-kernels warmup warehouse-01 4509
factorial-0-kernels warmup warehouse-02 4902
factorial-0-kernels warmup warehouse-03 4338
factorial-0-kernels measured warehouse-01 4343
factorial-0-kernels measured warehouse-02 4867
factorial-0-kernels measured warehouse-03 4348
factorial-0-combined warmup warehouse-01 4429
factorial-0-combined warmup warehouse-02 4791
factorial-0-combined warmup warehouse-03 4466
factorial-0-combined measured warehouse-01 4409
factorial-0-combined measured warehouse-02 4902
factorial-0-combined measured warehouse-03 4407
factorial-0-openmp warmup warehouse-01 15734
factorial-0-openmp warmup warehouse-02 17532
factorial-0-openmp warmup warehouse-03 15572
factorial-0-openmp measured warehouse-01 15400
factorial-0-openmp measured warehouse-02 17556
factorial-0-openmp measured warehouse-03 15664
factorial-1-kernels warmup warehouse-01 4526
factorial-1-kernels warmup warehouse-02 4810
factorial-1-kernels warmup warehouse-03 4375
factorial-1-kernels measured warehouse-01 4397
factorial-1-kernels measured warehouse-02 4841
factorial-1-kernels measured warehouse-03 4406
factorial-1-openmp warmup warehouse-01 15625
factorial-1-openmp warmup warehouse-02 17773
factorial-1-openmp warmup warehouse-03 15745
factorial-1-openmp measured warehouse-01 15420
factorial-1-openmp measured warehouse-02 17528
factorial-1-openmp measured warehouse-03 15631
factorial-1-baseline warmup warehouse-01 15744
factorial-1-baseline warmup warehouse-02 17765
factorial-1-baseline warmup warehouse-03 15390
factorial-1-baseline measured warehouse-01 15527
factorial-1-baseline measured warehouse-02 17382
factorial-1-baseline measured warehouse-03 15502
factorial-1-combined warmup warehouse-01 4639
factorial-1-combined warmup warehouse-02 4891
factorial-1-combined warmup warehouse-03 4434
factorial-1-combined measured warehouse-01 4360
factorial-1-combined measured warehouse-02 4866
factorial-1-combined measured warehouse-03 4454
factorial-2-openmp warmup warehouse-01 15626
factorial-2-openmp warmup warehouse-02 17652
factorial-2-openmp warmup warehouse-03 15526
factorial-2-openmp measured warehouse-01 15515
factorial-2-openmp measured warehouse-02 17869
factorial-2-openmp measured warehouse-03 15841
factorial-2-combined warmup warehouse-01 4688
factorial-2-combined warmup warehouse-02 4928
factorial-2-combined warmup warehouse-03 4478
factorial-2-combined measured warehouse-01 4464
factorial-2-combined measured warehouse-02 4839
factorial-2-combined measured warehouse-03 4579
factorial-2-kernels warmup warehouse-01 4547
factorial-2-kernels warmup warehouse-02 4917
factorial-2-kernels warmup warehouse-03 4465
factorial-2-kernels measured warehouse-01 4393
factorial-2-kernels measured warehouse-02 4948
factorial-2-kernels measured warehouse-03 4420
factorial-2-baseline warmup warehouse-01 15701
factorial-2-baseline warmup warehouse-02 17894
factorial-2-baseline warmup warehouse-03 15453
factorial-2-baseline measured warehouse-01 15308
factorial-2-baseline measured warehouse-02 17481
factorial-2-baseline measured warehouse-03 15660
factorial-3-combined warmup warehouse-01 4725
factorial-3-combined warmup warehouse-02 4767
factorial-3-combined warmup warehouse-03 4401
factorial-3-combined measured warehouse-01 4416
factorial-3-combined measured warehouse-02 4860
factorial-3-combined measured warehouse-03 4447
factorial-3-baseline warmup warehouse-01 15862
factorial-3-baseline warmup warehouse-02 17651
factorial-3-baseline warmup warehouse-03 15676
factorial-3-baseline measured warehouse-01 15908
factorial-3-baseline measured warehouse-02 17691
factorial-3-baseline measured warehouse-03 15568
factorial-3-openmp warmup warehouse-01 15590
factorial-3-openmp warmup warehouse-02 17507
factorial-3-openmp warmup warehouse-03 15762
factorial-3-openmp measured warehouse-01 15705
factorial-3-openmp measured warehouse-02 17700
factorial-3-openmp measured warehouse-03 15247
factorial-3-kernels warmup warehouse-01 4595
factorial-3-kernels warmup warehouse-02 4816
factorial-3-kernels warmup warehouse-03 4470
factorial-3-kernels measured warehouse-01 4482
factorial-3-kernels measured warehouse-02 4947
factorial-3-kernels measured warehouse-03 4479
quality-baseline-fresh warmup warehouse-01 15610
quality-baseline-fresh warmup warehouse-02 17827
quality-baseline-fresh warmup warehouse-03 15403
quality-baseline-fresh measured warehouse-01 15563
quality-baseline-fresh measured warehouse-02 17582
quality-baseline-fresh measured warehouse-03 15638
quality-baseline-fresh measured warehouse-04 17615
quality-baseline-fresh measured warehouse-05 15599
quality-baseline-fresh measured warehouse-06 17756
quality-baseline-fresh measured access-01 14878
quality-baseline-fresh measured access-02 16693
quality-baseline-fresh measured access-03 14754
quality-baseline-fresh measured access-04 16866
quality-baseline-fresh measured access-05 14494
quality-baseline-fresh measured access-06 16676
quality-kernels-fresh warmup warehouse-01 4725
quality-kernels-fresh warmup warehouse-02 4903
quality-kernels-fresh warmup warehouse-03 4437
quality-kernels-fresh measured warehouse-01 4438
quality-kernels-fresh measured warehouse-02 4907
quality-kernels-fresh measured warehouse-03 4486
quality-kernels-fresh measured warehouse-04 4935
quality-kernels-fresh measured warehouse-05 4456
quality-kernels-fresh measured warehouse-06 4878
quality-kernels-fresh measured access-01 4307
quality-kernels-fresh measured access-02 4793
quality-kernels-fresh measured access-03 4335
quality-kernels-fresh measured access-04 4796
quality-kernels-fresh measured access-05 4224
quality-kernels-fresh measured access-06 4731
quality-openmp-fresh warmup warehouse-01 15789
quality-openmp-fresh warmup warehouse-02 17698
quality-openmp-fresh warmup warehouse-03 15541
quality-openmp-fresh measured warehouse-01 15431
quality-openmp-fresh measured warehouse-02 17494
quality-openmp-fresh measured warehouse-03 15604
quality-openmp-fresh measured warehouse-04 17502
quality-openmp-fresh measured warehouse-05 15570
quality-openmp-fresh measured warehouse-06 17338
quality-openmp-fresh measured access-01 14946
quality-openmp-fresh measured access-02 16622
quality-openmp-fresh measured access-03 14551
quality-openmp-fresh measured access-04 16568
quality-openmp-fresh measured access-05 14531
quality-openmp-fresh measured access-06 16787
quality-combined-fresh warmup warehouse-01 4494
quality-combined-fresh warmup warehouse-02 4882
quality-combined-fresh warmup warehouse-03 4475
quality-combined-fresh measured warehouse-01 4430
quality-combined-fresh measured warehouse-02 4955
quality-combined-fresh measured warehouse-03 4518
quality-combined-fresh measured warehouse-04 4822
quality-combined-fresh measured warehouse-05 4663
quality-combined-fresh measured warehouse-06 5010
quality-combined-fresh measured access-01 4436
quality-combined-fresh measured access-02 4766
quality-combined-fresh measured access-03 4394
quality-combined-fresh measured access-04 4640
quality-combined-fresh measured access-05 4301
quality-combined-fresh measured access-06 4842
quality-kernels-prefix warmup warehouse-01 4595
quality-kernels-prefix warmup warehouse-02 4898
quality-kernels-prefix warmup warehouse-03 4361
quality-kernels-prefix measured warehouse-01 4356
quality-kernels-prefix measured warehouse-02 4882
quality-kernels-prefix measured warehouse-03 4388
quality-kernels-prefix measured warehouse-04 4841
quality-kernels-prefix measured warehouse-05 4341
quality-kernels-prefix measured warehouse-06 4981
quality-kernels-prefix measured access-01 4173
quality-kernels-prefix measured access-02 4728
quality-kernels-prefix measured access-03 4295
quality-kernels-prefix measured access-04 4689
quality-kernels-prefix measured access-05 4173
quality-kernels-prefix measured access-06 4730
quality-kernels-prefix measured warehouse-01 4447
quality-kernels-prefix measured warehouse-02 4795
quality-kernels-prefix measured warehouse-03 4323
quality-kernels-prefix measured warehouse-04 4870
quality-kernels-prefix measured warehouse-05 4437
quality-kernels-prefix measured warehouse-06 4753
quality-kernels-prefix measured access-01 4346
quality-kernels-prefix measured access-02 4710
quality-kernels-prefix measured access-03 4262
quality-kernels-prefix measured access-04 4685
quality-kernels-prefix measured access-05 4236
quality-kernels-prefix measured access-06 4646
quality-kernels-fixed warmup warehouse-01 4805
quality-kernels-fixed warmup warehouse-02 1564
quality-kernels-fixed warmup warehouse-03 2246
quality-kernels-fixed measured warehouse-01 941
quality-kernels-fixed measured warehouse-02 1553
quality-kernels-fixed measured warehouse-03 1028
quality-kernels-fixed measured warehouse-04 1640
quality-kernels-fixed measured warehouse-05 2336
quality-kernels-fixed measured warehouse-06 1558
quality-kernels-fixed measured access-01 4563
quality-kernels-fixed measured access-02 1526
quality-kernels-fixed measured access-03 2371
quality-kernels-fixed measured access-04 1557
quality-kernels-fixed measured access-05 2260
quality-kernels-fixed measured access-06 1539
quality-kernels-fixed measured warehouse-01 2197
quality-kernels-fixed measured warehouse-02 1660
quality-kernels-fixed measured warehouse-03 2229
quality-kernels-fixed measured warehouse-04 1528
quality-kernels-fixed measured warehouse-05 2395
quality-kernels-fixed measured warehouse-06 1661
quality-kernels-fixed measured access-01 2263
quality-kernels-fixed measured access-02 1577
quality-kernels-fixed measured access-03 2201
quality-kernels-fixed measured access-04 1594
quality-kernels-fixed measured access-05 2202
quality-kernels-fixed measured access-06 1474
fallback warmup warehouse-01 16011
fallback warmup warehouse-02 17655
fallback warmup warehouse-03 15408
fallback measured warehouse-01 15404
fallback measured warehouse-02 17642
fallback measured warehouse-03 15574
